# probe started at 1781602653 endpoint=http://localhost:8080/checkout/health
1781602653 pass 22
1781602658 pass 16
1781602663 pass 16
1781602669 pass 14
1781602674 pass 16
1781602679 pass 14
1781602684 pass 15
1781602689 pass 16
1781602694 pass 17
1781602700 pass 48
1781602705 pass 14
1781602710 pass 14
1781602715 pass 15
1781602720 pass 16
1781602725 pass 18
1781602731 pass 17
1781602737 pass 15
1781602742 pass 16
1781602747 pass 16
1781602752 pass 14
1781602757 pass 16
1781602763 pass 15
1781602768 pass 14
1781602773 pass 14
1781602778 pass 14
1781602783 pass 14
1781602788 pass 16
1781602794 pass 13
1781602799 pass 23
1781602804 pass 14
1781602809 pass 15
1781602814 pass 16
1781602819 pass 66
1781602825 pass 16
1781602830 pass 16
1781602835 pass 16
1781602840 pass 21
1781602845 pass 15
1781602850 pass 32
1781602857 pass 18
1781602862 pass 17
1781602867 pass 14
1781602872 pass 14
1781602877 pass 16
1781602882 pass 15
1781602888 pass 14
1781602893 pass 15
1781602898 pass 15
1781602903 pass 15
1781602908 pass 16
1781602913 pass 14
1781602919 pass 14
1781602924 pass 16
1781602929 pass 14
1781602934 pass 15
1781602939 pass 15
1781602944 pass 16
1781602950 pass 18
1781602955 pass 15
1781602960 pass 15
1781602965 pass 14
1781602971 pass 15
1781602976 pass 16
1781602982 pass 16
1781602987 pass 15
1781602992 pass 14
1781602997 pass 15
1781603002 pass 15
1781603007 pass 15
1781603013 pass 15
1781603018 pass 14
1781603023 pass 16
1781603028 pass 17
1781603033 pass 14
1781603038 pass 15
1781603044 pass 16
1781603049 pass 16
1781603054 pass 15
1781603059 pass 15
1781603064 pass 16
1781603069 pass 17
1781603075 pass 15
1781603080 pass 15
1781603085 pass 14
1781603090 pass 16
1781603095 pass 16
1781603100 pass 16
1781603107 pass 15
1781603112 pass 14
1781603117 pass 19
1781603122 pass 16
1781603127 pass 15
1781603132 pass 14
1781603138 pass 15
1781603143 pass 15
1781603148 pass 15
1781603153 pass 14
1781603158 pass 15
1781603163 pass 14
1781603169 pass 15
1781603174 pass 16
1781603179 pass 16
1781603184 pass 16
1781603189 pass 17
1781603194 pass 14
1781603200 pass 18
1781603205 pass 14
1781603210 pass 16
1781603215 pass 14
1781603220 pass 16
1781603225 pass 17
1781603232 pass 19
1781603237 pass 15
1781603242 pass 16
1781603247 pass 14
1781603252 pass 18
1781603257 pass 13
1781603263 pass 14
1781603268 pass 14
1781603273 pass 15
1781603278 pass 15
1781603283 pass 15
1781603288 pass 16
1781603294 pass 14
1781603299 pass 17
1781603304 pass 25
1781603309 pass 14
1781603314 pass 15
1781603319 pass 24
1781603325 pass 15
1781603330 pass 17
1781603336 pass 17
1781603341 pass 15
1781603346 pass 16
1781603351 pass 14
1781603357 pass 14
1781603362 pass 14
1781603367 pass 15
1781603372 pass 14
1781603377 pass 17
1781603382 pass 18
1781603388 pass 16
1781603393 pass 15
1781603398 pass 14
1781603403 pass 16
1781603408 pass 16
1781603413 pass 18
1781603419 pass 17
1781603424 pass 15
1781603429 pass 15
1781603434 pass 14
1781603439 pass 14
1781603445 pass 15
1781603451 pass 15
1781603456 pass 15
1781603461 pass 17
1781603466 pass 15
1781603471 pass 16
1781603477 pass 14
1781603482 pass 19
1781603487 pass 15
1781603492 pass 14
1781603497 pass 16
1781603502 pass 18
1781603508 pass 15
1781603513 pass 14
1781603518 pass 15
1781603523 pass 14
1781603528 pass 15
1781603533 pass 14
1781603539 pass 17
1781603544 pass 14
1781603549 pass 26
1781603555 pass 14
1781603560 pass 19
1781603565 pass 15
1781603571 pass 16
1781603576 pass 15
1781603581 pass 14
1781603586 pass 15
1781603591 pass 19
1781603596 pass 16
1781603602 pass 17
1781603607 pass 14
1781603612 pass 15
1781603617 pass 15
1781603622 pass 26
1781603627 pass 17
1781603633 pass 15
1781603638 pass 18
1781603643 pass 16
1781603648 pass 16
1781603653 pass 14
1781603658 pass 16
1781603664 pass 15
1781603669 pass 17
1781603674 pass 17
1781603679 pass 16
1781603685 pass 17
1781603690 pass 15
1781603696 pass 16
1781603701 pass 14
1781603706 pass 13
1781603711 pass 13
1781603716 pass 14
1781603721 pass 14
1781603727 pass 14
1781603732 pass 37
1781603737 pass 16
1781603742 pass 14
1781603747 pass 16
1781603752 pass 14
1781603758 pass 15
1781603763 pass 14
1781603768 pass 15
1781603773 pass 15
1781603778 pass 14
1781603783 pass 14
1781603789 pass 15
1781603794 pass 15
1781603799 pass 15
1781603804 pass 15
1781603809 pass 15
1781603815 pass 14
1781603821 pass 19
1781603826 pass 14
1781603831 pass 22
1781603836 pass 16
1781603841 pass 15
1781603846 pass 15
1781603852 pass 18
1781603857 pass 15
1781603862 pass 15
1781603867 pass 17
1781603872 pass 16
1781603877 pass 18
1781603883 pass 16
1781603888 pass 14
1781603893 pass 15
1781603899 pass 16
1781603904 pass 17
1781603909 pass 64
1781603914 pass 16
1781603919 pass 14
1781603924 pass 15
1781603930 pass 15
1781603935 pass 14
1781603940 pass 15
1781603946 pass 20
1781603951 pass 14
1781603956 pass 15
1781603961 pass 17
1781603966 pass 15
1781603971 pass 87
1781603977 pass 16
1781603982 pass 14
1781603987 pass 14
1781603993 pass 15
1781603998 pass 15
1781604003 pass 16
1781604009 pass 16
1781604014 pass 15
1781604019 pass 15
1781604024 pass 15
1781604029 pass 17
1781604034 pass 16
1781604040 pass 16
1781604045 pass 15
1781604050 pass 15
1781604055 pass 15
1781604060 pass 16
1781604065 pass 16
1781604071 pass 15
1781604076 pass 15
1781604081 pass 16
1781604086 pass 15
1781604091 pass 16
1781604096 pass 17
1781604102 pass 15
1781604107 pass 15
1781604112 pass 14
1781604117 pass 14
1781604122 pass 16
1781604127 pass 17
1781604134 pass 18
1781604139 pass 15
1781604144 pass 15
1781604149 pass 14
1781604154 pass 15
1781604159 pass 17
1781604165 pass 16
1781604170 pass 15
1781604175 pass 16
1781604180 pass 14
1781604185 pass 15
1781604190 pass 63
1781604196 pass 31
1781604201 pass 15
1781604206 pass 18
1781604211 pass 18
1781604217 pass 18
1781604222 pass 16
1781604228 pass 17
1781604233 pass 14
1781604238 pass 15
1781604243 pass 15
1781604248 pass 15
1781604253 pass 64
1781604259 pass 15
1781604264 pass 15
1781604269 pass 14
1781604274 pass 16
1781604279 pass 14
1781604284 pass 15
1781604290 pass 14
1781604295 pass 15
1781604300 pass 14
1781604305 pass 14
1781604310 pass 16
1781604315 pass 22
1781604322 pass 16
1781604327 pass 15
1781604332 pass 16
1781604337 pass 18
1781604342 pass 16
1781604347 pass 15
1781604353 pass 16
1781604358 pass 17
1781604363 pass 15
1781604368 pass 15
1781604373 pass 14
1781604379 pass 15
1781604384 pass 14
1781604389 pass 15
1781604394 pass 15
1781604399 pass 14
1781604404 pass 14
1781604410 pass 20
1781604416 pass 18
1781604421 pass 17
1781604426 pass 15
1781604431 pass 17
1781604436 pass 15
1781604442 pass 15
1781604447 pass 20
1781604452 pass 14
1781604457 pass 14
1781604462 pass 17
1781604467 pass 14
1781604473 pass 64
1781604478 pass 17
1781604483 pass 15
1781604488 pass 15
1781604494 pass 15
1781604499 pass 14
1781604505 pass 20
1781604510 pass 15
1781604515 pass 15
1781604520 pass 16
1781604525 pass 14
1781604530 pass 15
1781604536 pass 16
1781604541 pass 15
1781604546 pass 16
1781604551 pass 14
1781604556 pass 15
1781604561 pass 16
1781604567 pass 15
1781604572 pass 16
1781604577 pass 18
1781604583 pass 16
1781604588 pass 17
1781604593 pass 14
1781604599 pass 16
1781604604 pass 17
1781604609 pass 15
1781604614 pass 14
1781604619 pass 14
1781604624 pass 18
1781604630 pass 17
1781604635 pass 14
1781604640 pass 25
1781604645 pass 14
1781604650 pass 18
1781604655 pass 16
1781604662 pass 19
1781604667 pass 16
1781604672 pass 17
1781604677 pass 25
1781604682 pass 19
1781604687 pass 21
1781604693 pass 18
1781604698 pass 20
1781604703 pass 18
1781604708 pass 17
1781604713 pass 15
1781604718 pass 17
1781604724 pass 16
1781604729 pass 17
1781604734 pass 15
1781604739 pass 15
1781604744 pass 16
1781604749 pass 15
1781604755 pass 16
1781604760 pass 15
1781604765 pass 16
1781604771 pass 16
1781604776 pass 18
1781604781 pass 16
1781604786 pass 15
1781604791 pass 17
1781604796 pass 18
1781604803 pass 15
1781604808 pass 13
1781604813 pass 20
1781604818 pass 35
1781604823 pass 19
1781604828 pass 16
1781604833 pass 15
1781604838 pass 18
1781604843 pass 15
1781604849 pass 17
1781604854 pass 17
1781604859 pass 17
1781604864 pass 16
1781604869 pass 15
1781604874 pass 17
1781604880 pass 17
1781604885 pass 15
1781604891 pass 15
1781604896 pass 17
1781604901 pass 20
1781604906 pass 15
1781604912 pass 46
1781604917 pass 37
1781604922 pass 20
1781604927 pass 17
1781604932 pass 20
1781604937 pass 18
1781604943 pass 17
1781604948 pass 25
1781604953 pass 16
1781604959 pass 16
1781604964 pass 15
1781604969 pass 16
1781604975 pass 22
1781604980 pass 18
1781604985 pass 16
1781604990 pass 15
1781604995 pass 15
1781605000 pass 83
1781605006 pass 22
1781605011 pass 14
1781605016 pass 15
1781605021 pass 15
1781605026 pass 18
1781605031 pass 15
1781605038 pass 17
1781605043 pass 16
1781605048 pass 18
1781605053 pass 15
1781605058 pass 16
1781605063 pass 17
1781605069 pass 16
1781605074 pass 17
1781605079 pass 14
1781605084 pass 14
1781605089 pass 18
1781605094 pass 17
1781605100 pass 14
1781605105 pass 15
1781605110 pass 19
1781605115 pass 17
1781605120 pass 15
1781605125 pass 64
1781605132 pass 18
1781605137 pass 14
1781605142 pass 15
1781605147 pass 15
1781605152 pass 16
1781605157 pass 17
1781605163 pass 15
1781605168 pass 25
1781605173 pass 15
1781605178 pass 16
1781605183 pass 14
1781605188 pass 61
1781605195 pass 15
1781605200 pass 16
1781605205 pass 15
1781605210 pass 16
1781605215 pass 14
1781605220 pass 22
1781605226 pass 16
1781605231 pass 14
1781605236 pass 16
1781605241 pass 15
1781605246 pass 14
1781605251 pass 68
1781605258 pass 16
1781605263 pass 26
1781605268 pass 16
1781605273 pass 15
1781605278 pass 14
1781605283 pass 16
1781605289 pass 15
1781605294 pass 17
1781605299 pass 15
1781605304 pass 18
1781605309 pass 19
1781605315 pass 64
1781605320 pass 18
1781605325 pass 20
1781605330 pass 37
1781605335 pass 17
1781605340 pass 17
1781605347 pass 19
1781605352 pass 14
1781605357 pass 17
1781605362 pass 14
1781605367 pass 21
1781605372 pass 14
1781605378 pass 64
1781605383 pass 17
1781605388 pass 14
1781605393 pass 16
1781605398 pass 16
1781605403 pass 14
1781605410 pass 17
1781605415 pass 14
1781605420 pass 15
1781605425 pass 16
1781605430 pass 15
1781605435 pass 17
1781605441 pass 24
1781605446 pass 15
1781605451 pass 13
1781605456 pass 15
1781605461 pass 18
1781605466 pass 15
1781605473 pass 19
1781605478 pass 18
1781605483 pass 15
1781605488 pass 17
1781605493 pass 18
1781605498 pass 15
1781605504 pass 18
1781605509 pass 15
1781605514 pass 18
1781605519 pass 20
1781605524 pass 14
1781605529 pass 17
1781605535 pass 15
1781605540 pass 14
1781605546 pass 15
1781605551 pass 24
1781605556 pass 15
1781605561 pass 18
1781605567 pass 62
1781605572 pass 16
1781605577 pass 17
1781605582 pass 12
1781605587 pass 17
1781605592 pass 16
1781605598 pass 16
1781605603 pass 16
1781605608 pass 14
1781605613 pass 14
1781605618 pass 16
1781605623 pass 16
1781605630 pass 17
1781605635 pass 16
1781605640 pass 14
1781605645 pass 15
1781605650 pass 14
1781605655 pass 16
